src/controllers/customer.controller.ts(57,13): error TS2322: Type '{ name?: string; phone?: string; email?: string; address?: string; }' is not assignable to type '(Without<CustomerCreateInput, CustomerUncheckedCreateInput> & CustomerUncheckedCreateInput) | (Without<...> & CustomerCreateInput)'.
  Type '{ name?: string; phone?: string; email?: string; address?: string; }' is not assignable to type 'Without<CustomerUncheckedCreateInput, CustomerCreateInput> & CustomerCreateInput'.
    Type '{ name?: string; phone?: string; email?: string; address?: string; }' is not assignable to type 'CustomerCreateInput'.
      Property 'name' is optional in type '{ name?: string; phone?: string; email?: string; address?: string; }' but required in type 'CustomerCreateInput'.
src/controllers/expense.controller.ts(35,64): error TS2322: Type '{ name?: string; description?: string; }' is not assignable to type '(Without<ExpenseCategoryCreateInput, ExpenseCategoryUncheckedCreateInput> & ExpenseCategoryUncheckedCreateInput) | (Without<...> & ExpenseCategoryCreateInput)'.
  Type '{ name?: string; description?: string; }' is not assignable to type 'Without<ExpenseCategoryUncheckedCreateInput, ExpenseCategoryCreateInput> & ExpenseCategoryCreateInput'.
    Type '{ name?: string; description?: string; }' is not assignable to type 'ExpenseCategoryCreateInput'.
      Property 'name' is optional in type '{ name?: string; description?: string; }' but required in type 'ExpenseCategoryCreateInput'.
src/controllers/subscription.controller.ts(77,13): error TS2322: Type '{ features: string; price: number; active?: boolean; name?: string; duration?: number; }' is not assignable to type '(Without<SubscriptionPlanCreateInput, SubscriptionPlanUncheckedCreateInput> & SubscriptionPlanUncheckedCreateInput) | (Without<...> & SubscriptionPlanCreateInput)'.
  Type '{ features: string; price: number; active?: boolean; name?: string; duration?: number; }' is not assignable to type 'Without<SubscriptionPlanUncheckedCreateInput, SubscriptionPlanCreateInput> & SubscriptionPlanCreateInput'.
    Type '{ features: string; price: number; active?: boolean; name?: string; duration?: number; }' is not assignable to type 'SubscriptionPlanCreateInput'.
      Property 'name' is optional in type '{ features: string; price: number; active?: boolean; name?: string; duration?: number; }' but required in type 'SubscriptionPlanCreateInput'.
src/controllers/supplierController.ts(106,57): error TS2322: Type '{ name?: string; phone?: string; email?: any; address?: string; contactPerson?: string; taxId?: string; notes?: string; }' is not assignable to type '(Without<SupplierCreateInput, SupplierUncheckedCreateInput> & SupplierUncheckedCreateInput) | (Without<...> & SupplierCreateInput)'.
  Type '{ name?: string; phone?: string; email?: any; address?: string; contactPerson?: string; taxId?: string; notes?: string; }' is not assignable to type 'Without<SupplierUncheckedCreateInput, SupplierCreateInput> & SupplierCreateInput'.
    Type '{ name?: string; phone?: string; email?: any; address?: string; contactPerson?: string; taxId?: string; notes?: string; }' is not assignable to type 'SupplierCreateInput'.
      Property 'name' is optional in type '{ name?: string; phone?: string; email?: any; address?: string; contactPerson?: string; taxId?: string; notes?: string; }' but required in type 'SupplierCreateInput'.
